******************************************************************************
             TMS320C2000 Linker PC v22.6.0                     
******************************************************************************
>> Linked Fri Oct 21 21:13:18 2022

OUTPUT FILE NAME:   <ePWM-LAUNCHXL-F28027.out>
ENTRY POINT SYMBOL: "_c_int00"  address: 0000836a


MEMORY CONFIGURATION

         name            origin    length      used     unused   attr    fill
----------------------  --------  ---------  --------  --------  ----  --------
PAGE 0:
  BEGIN                 00000000   00000002  00000002  00000000  RWIX
  RAMM0                 00000050   000003b0  00000023  0000038d  RWIX
  PRAML0                00008000   00000900  00000522  000003de  RWIX
  IQTABLES              003fe000   00000b50  00000000  00000b50  RWIX
  IQTABLES2             003feb50   0000008c  00000000  0000008c  RWIX
  IQTABLES3             003febdc   000000aa  00000000  000000aa  RWIX
  BOOTROM               003ff27c   00000d44  00000000  00000d44  RWIX
  RESET                 003fffc0   00000002  00000000  00000002  RWIX

PAGE 1:
  BOOT_RSVD             00000002   0000004e  00000000  0000004e  RWIX
  RAMM1                 00000400   00000400  00000300  00000100  RWIX
  DEV_EMU               00000880   00000105  00000004  00000101  RWIX
  SYS_PWR_CTL           00000985   00000003  00000003  00000000  RWIX
  FLASH_REGS            00000a80   00000060  00000008  00000058  RWIX
  CSM                   00000ae0   00000010  00000010  00000000  RWIX
  ADC_RESULT            00000b00   00000020  00000020  00000000  RWIX
  CPU_TIMER0            00000c00   00000008  00000008  00000000  RWIX
  CPU_TIMER1            00000c08   00000008  00000008  00000000  RWIX
  CPU_TIMER2            00000c10   00000008  00000008  00000000  RWIX
  PIE_CTRL              00000ce0   00000020  0000001a  00000006  RWIX
  PIE_VECT              00000d00   00000100  00000100  00000000  RWIX
  COMP1                 00006400   00000020  00000011  0000000f  RWIX
  COMP2                 00006420   00000020  00000011  0000000f  RWIX
  EPWM1                 00006800   00000040  00000040  00000000  RWIX
  EPWM2                 00006840   00000040  00000040  00000000  RWIX
  EPWM3                 00006880   00000040  00000040  00000000  RWIX
  EPWM4                 000068c0   00000040  00000040  00000000  RWIX
  ECAP1                 00006a00   00000020  00000020  00000000  RWIX
  GPIOCTRL              00006f80   00000040  00000040  00000000  RWIX
  GPIODAT               00006fc0   00000020  00000020  00000000  RWIX
  GPIOINT               00006fe0   00000020  0000000a  00000016  RWIX
  SYSTEM                00007010   00000020  0000001f  00000001  RWIX
  SPIA                  00007040   00000010  00000010  00000000  RWIX
  SCIA                  00007050   00000010  00000010  00000000  RWIX
  NMIINTRUPT            00007060   00000010  00000010  00000000  RWIX
  XINTRUPT              00007070   00000010  00000010  00000000  RWIX
  ADC                   00007100   00000080  00000051  0000002f  RWIX
  I2CA                  00007900   00000040  00000022  0000001e  RWIX
  DRAML0                00008900   00000700  00000124  000005dc  RWIX
  PARTID                003d7fff   00000001  00000001  00000000  RWIX
  CSM_PWL               003f7ff8   00000008  00000008  00000000  RWIX


SECTION ALLOCATION MAP

 output                                  attributes/
section   page    origin      length       input sections
--------  ----  ----------  ----------   ----------------
codestart 
*          0    00000000    00000002     
                  00000000    00000002     f2802x_codestartbranch.obj (codestart)

.cinit     0    00000050    0000001f     
                  00000050    0000000e     rts2800_ml.lib : exit.c.obj (.cinit)
                  0000005e    00000005                    : _lock.c.obj (.cinit:__lock)
                  00000063    00000005                    : _lock.c.obj (.cinit:__unlock)
                  00000068    00000005     main.obj (.cinit)
                  0000006d    00000002     --HOLE-- [fill = 0]

.text      0    00008000    00000522     
                  00008000    00000138     f2802x_sysctrl.obj (.text)
                  00008138    000000ff     f2802x_defaultisr.obj (.text:retain)
                  00008237    00000073     f2802x_cputimers.obj (.text)
                  000082aa    00000066     Peripheral_Setup.obj (.text)
                  00008310    0000005a     rts2800_ml.lib : fs_mpy28.asm.obj (.text)
                  0000836a    00000054                    : boot28.asm.obj (.text)
                  000083be    00000051     main.obj (.text)
                  0000840f    00000029     rts2800_ml.lib : exit.c.obj (.text)
                  00008438    00000029                    : fs_tol28.asm.obj (.text)
                  00008461    00000028     f2802x_piectrl.obj (.text)
                  00008489    00000026     f2802x_pievect.obj (.text)
                  000084af    00000024     rts2800_ml.lib : cpy_tbl.c.obj (.text)
                  000084d3    0000001d                    : memcpy.c.obj (.text)
                  000084f0    00000011                    : args_main.c.obj (.text)
                  00008501    0000000d     main.obj (.text:retain)
                  0000850e    00000009     rts2800_ml.lib : _lock.c.obj (.text)
                  00008517    00000008     f2802x_codestartbranch.obj (.text)
                  0000851f    00000002     rts2800_ml.lib : pre_init.c.obj (.text)
                  00008521    00000001                    : startup.c.obj (.text)

.pinit     0    00000050    00000000     UNINITIALIZED

.reset     0    003fffc0    00000002     DSECT
                  003fffc0    00000002     rts2800_ml.lib : boot28.asm.obj (.reset)

.stack     1    00000400    00000300     UNINITIALIZED
                  00000400    00000300     --HOLE--

.econst    1    00008900    00000100     
                  00008900    00000100     f2802x_pievect.obj (.econst:_PieVectTableInit)

.ebss      1    00008a00    00000024     UNINITIALIZED
                  00008a00    00000018     f2802x_cputimers.obj (.ebss)
                  00008a18    00000006     rts2800_ml.lib : exit.c.obj (.ebss)
                  00008a1e    00000002                    : _lock.c.obj (.ebss:__lock)
                  00008a20    00000002                    : _lock.c.obj (.ebss:__unlock)
                  00008a22    00000002     main.obj (.ebss)

DevEmuRegsFile 
*          1    00000880    00000004     UNINITIALIZED
                  00000880    00000004     F2802x_GlobalVariableDefs.obj (DevEmuRegsFile)

SysPwrCtrlRegsFile 
*          1    00000985    00000003     UNINITIALIZED
                  00000985    00000003     F2802x_GlobalVariableDefs.obj (SysPwrCtrlRegsFile)

FlashRegsFile 
*          1    00000a80    00000008     UNINITIALIZED
                  00000a80    00000008     F2802x_GlobalVariableDefs.obj (FlashRegsFile)

CsmRegsFile 
*          1    00000ae0    00000010     UNINITIALIZED
                  00000ae0    00000010     F2802x_GlobalVariableDefs.obj (CsmRegsFile)

AdcResultFile 
*          1    00000b00    00000020     UNINITIALIZED
                  00000b00    00000020     F2802x_GlobalVariableDefs.obj (AdcResultFile)

CpuTimer0RegsFile 
*          1    00000c00    00000008     UNINITIALIZED
                  00000c00    00000008     F2802x_GlobalVariableDefs.obj (CpuTimer0RegsFile)

CpuTimer1RegsFile 
*          1    00000c08    00000008     UNINITIALIZED
                  00000c08    00000008     F2802x_GlobalVariableDefs.obj (CpuTimer1RegsFile)

CpuTimer2RegsFile 
*          1    00000c10    00000008     UNINITIALIZED
                  00000c10    00000008     F2802x_GlobalVariableDefs.obj (CpuTimer2RegsFile)

PieCtrlRegsFile 
*          1    00000ce0    0000001a     UNINITIALIZED
                  00000ce0    0000001a     F2802x_GlobalVariableDefs.obj (PieCtrlRegsFile)

PieVectTableFile 
*          1    00000d00    00000100     UNINITIALIZED
                  00000d00    00000100     F2802x_GlobalVariableDefs.obj (PieVectTableFile)

EmuKeyVar 
*          1    00000d00    00000001     UNINITIALIZED
                  00000d00    00000001     F2802x_GlobalVariableDefs.obj (EmuKeyVar)

EmuBModeVar 
*          1    00000d01    00000001     UNINITIALIZED
                  00000d01    00000001     F2802x_GlobalVariableDefs.obj (EmuBModeVar)

FlashCallbackVar 
*          1    00000d02    00000002     UNINITIALIZED
                  00000d02    00000002     F2802x_GlobalVariableDefs.obj (FlashCallbackVar)

FlashScalingVar 
*          1    00000d04    00000002     UNINITIALIZED
                  00000d04    00000002     F2802x_GlobalVariableDefs.obj (FlashScalingVar)

Comp1RegsFile 
*          1    00006400    00000011     UNINITIALIZED
                  00006400    00000011     F2802x_GlobalVariableDefs.obj (Comp1RegsFile)

Comp2RegsFile 
*          1    00006420    00000011     UNINITIALIZED
                  00006420    00000011     F2802x_GlobalVariableDefs.obj (Comp2RegsFile)

EPwm1RegsFile 
*          1    00006800    00000040     UNINITIALIZED
                  00006800    00000040     F2802x_GlobalVariableDefs.obj (EPwm1RegsFile)

EPwm2RegsFile 
*          1    00006840    00000040     UNINITIALIZED
                  00006840    00000040     F2802x_GlobalVariableDefs.obj (EPwm2RegsFile)

EPwm3RegsFile 
*          1    00006880    00000040     UNINITIALIZED
                  00006880    00000040     F2802x_GlobalVariableDefs.obj (EPwm3RegsFile)

EPwm4RegsFile 
*          1    000068c0    00000040     UNINITIALIZED
                  000068c0    00000040     F2802x_GlobalVariableDefs.obj (EPwm4RegsFile)

ECap1RegsFile 
*          1    00006a00    00000020     UNINITIALIZED
                  00006a00    00000020     F2802x_GlobalVariableDefs.obj (ECap1RegsFile)

GpioCtrlRegsFile 
*          1    00006f80    00000040     UNINITIALIZED
                  00006f80    00000040     F2802x_GlobalVariableDefs.obj (GpioCtrlRegsFile)

GpioDataRegsFile 
*          1    00006fc0    00000020     UNINITIALIZED
                  00006fc0    00000020     F2802x_GlobalVariableDefs.obj (GpioDataRegsFile)

GpioIntRegsFile 
*          1    00006fe0    0000000a     UNINITIALIZED
                  00006fe0    0000000a     F2802x_GlobalVariableDefs.obj (GpioIntRegsFile)

SysCtrlRegsFile 
*          1    00007010    0000001f     UNINITIALIZED
                  00007010    0000001f     F2802x_GlobalVariableDefs.obj (SysCtrlRegsFile)

SpiaRegsFile 
*          1    00007040    00000010     UNINITIALIZED
                  00007040    00000010     F2802x_GlobalVariableDefs.obj (SpiaRegsFile)

SciaRegsFile 
*          1    00007050    00000010     UNINITIALIZED
                  00007050    00000010     F2802x_GlobalVariableDefs.obj (SciaRegsFile)

NmiIntruptRegsFile 
*          1    00007060    00000010     UNINITIALIZED
                  00007060    00000010     F2802x_GlobalVariableDefs.obj (NmiIntruptRegsFile)

XIntruptRegsFile 
*          1    00007070    00000010     UNINITIALIZED
                  00007070    00000010     F2802x_GlobalVariableDefs.obj (XIntruptRegsFile)

AdcRegsFile 
*          1    00007100    00000051     UNINITIALIZED
                  00007100    00000051     F2802x_GlobalVariableDefs.obj (AdcRegsFile)

I2caRegsFile 
*          1    00007900    00000022     UNINITIALIZED
                  00007900    00000022     F2802x_GlobalVariableDefs.obj (I2caRegsFile)

PartIdRegsFile 
*          1    003d7fff    00000001     UNINITIALIZED
                  003d7fff    00000001     F2802x_GlobalVariableDefs.obj (PartIdRegsFile)

CsmPwlFile 
*          1    003f7ff8    00000008     UNINITIALIZED
                  003f7ff8    00000008     F2802x_GlobalVariableDefs.obj (CsmPwlFile)

ramfuncs   0    0000006f    00000004     
                  0000006f    00000004     f2802x_usdelay.obj (ramfuncs)

MODULE SUMMARY

       Module                          code   initialized data   uninitialized data
       ------                          ----   ----------------   ------------------
    .\
       F2802x_GlobalVariableDefs.obj   0      0                  1022              
       f2802x_sysctrl.obj              312    0                  0                 
       f2802x_pievect.obj              38     256                0                 
       f2802x_defaultisr.obj           255    0                  0                 
       f2802x_cputimers.obj            115    0                  24                
       Peripheral_Setup.obj            102    0                  0                 
       main.obj                        94     5                  2                 
       f2802x_piectrl.obj              40     0                  0                 
       f2802x_codestartbranch.obj      10     0                  0                 
       f2802x_usdelay.obj              4      0                  0                 
    +--+-------------------------------+------+------------------+--------------------+
       Total:                          970    261                1048              
                                                                                   
    C:\ti\ccs1210\ccs\tools\compiler\ti-cgt-c2000_22.6.0.LTS\lib\rts2800_ml.lib
       fs_mpy28.asm.obj                90     0                  0                 
       boot28.asm.obj                  84     0                  0                 
       exit.c.obj                      41     14                 6                 
       fs_tol28.asm.obj                41     0                  0                 
       cpy_tbl.c.obj                   36     0                  0                 
       memcpy.c.obj                    29     0                  0                 
       _lock.c.obj                     9      10                 4                 
       args_main.c.obj                 17     0                  0                 
       pre_init.c.obj                  2      0                  0                 
       startup.c.obj                   1      0                  0                 
    +--+-------------------------------+------+------------------+--------------------+
       Total:                          350    24                 10                
                                                                                   
       Stack:                          0      0                  768               
    +--+-------------------------------+------+------------------+--------------------+
       Grand Total:                    1320   285                1826              


GLOBAL DATA SYMBOLS: SORTED BY DATA PAGE

address     data page           name
--------    ----------------    ----
00000400      10 (00000400)     __stack

00000880      22 (00000880)     _DevEmuRegs

00000985      26 (00000980)     _SysPwrCtrlRegs

00000a80      2a (00000a80)     _FlashRegs

00000ae0      2b (00000ac0)     _CsmRegs

00000b00      2c (00000b00)     _AdcResult

00000c00      30 (00000c00)     _CpuTimer0Regs
00000c08      30 (00000c00)     _CpuTimer1Regs
00000c10      30 (00000c00)     _CpuTimer2Regs

00000ce0      33 (00000cc0)     _PieCtrlRegs

00000d00      34 (00000d00)     _EmuKey
00000d00      34 (00000d00)     _PieVectTable
00000d01      34 (00000d00)     _EmuBMode
00000d02      34 (00000d00)     _Flash_CallbackPtr
00000d04      34 (00000d00)     _Flash_CPUScaleFactor

00006400     190 (00006400)     _Comp1Regs
00006420     190 (00006400)     _Comp2Regs

00006800     1a0 (00006800)     _EPwm1Regs

00006840     1a1 (00006840)     _EPwm2Regs

00006880     1a2 (00006880)     _EPwm3Regs

000068c0     1a3 (000068c0)     _EPwm4Regs

00006a00     1a8 (00006a00)     _ECap1Regs

00006f80     1be (00006f80)     _GpioCtrlRegs

00006fc0     1bf (00006fc0)     _GpioDataRegs
00006fe0     1bf (00006fc0)     _GpioIntRegs

00007010     1c0 (00007000)     _SysCtrlRegs

00007040     1c1 (00007040)     _SpiaRegs
00007050     1c1 (00007040)     _SciaRegs
00007060     1c1 (00007040)     _NmiIntruptRegs
00007070     1c1 (00007040)     _XIntruptRegs

00007100     1c4 (00007100)     _AdcRegs

00007900     1e4 (00007900)     _I2caRegs

00008900     224 (00008900)     _PieVectTableInit

00008a00     228 (00008a00)     _CpuTimer0
00008a08     228 (00008a00)     _CpuTimer1
00008a10     228 (00008a00)     _CpuTimer2
00008a18     228 (00008a00)     ___TI_enable_exit_profile_output
00008a1a     228 (00008a00)     ___TI_cleanup_ptr
00008a1c     228 (00008a00)     ___TI_dtors_ptr
00008a1e     228 (00008a00)     __lock
00008a20     228 (00008a00)     __unlock
00008a22     228 (00008a00)     _count

003d7fff    f5ff (003d7fc0)     _PartIdRegs

003f7ff8    fdff (003f7fc0)     _CsmPwl


GLOBAL SYMBOLS: SORTED ALPHABETICALLY BY Name 

page  address   name                            
----  -------   ----                            
0     00008000  .text                           
0     0000840f  C$$EXIT                         
0     00008310  FS$$MPY                         
0     00008438  FS$$TOL                         
0     00008197  _ADCINT1_ISR                    
0     0000819c  _ADCINT2_ISR                    
0     00008205  _ADCINT3_ISR                    
0     0000820a  _ADCINT4_ISR                    
0     0000820f  _ADCINT5_ISR                    
0     00008214  _ADCINT6_ISR                    
0     00008219  _ADCINT7_ISR                    
0     0000821e  _ADCINT8_ISR                    
0     000081ab  _ADCINT9_ISR                    
1     00007100  _AdcRegs                        
1     00000b00  _AdcResult                      
1     00006400  _Comp1Regs                      
1     00006420  _Comp2Regs                      
0     00008278  _ConfigCpuTimer                 
1     00008a00  _CpuTimer0                      
1     00000c00  _CpuTimer0Regs                  
1     00008a08  _CpuTimer1                      
1     00000c08  _CpuTimer1Regs                  
1     00008a10  _CpuTimer2                      
1     00000c10  _CpuTimer2Regs                  
1     003f7ff8  _CsmPwl                         
1     00000ae0  _CsmRegs                        
0     000080b2  _CsmUnlock                      
0     00008142  _DATALOG_ISR                    
0     0000006f  _DSP28x_usDelay                 
1     00000880  _DevEmuRegs                     
0     00008024  _DisableDog                     
0     000081e2  _ECAP1_INT_ISR                  
1     00006a00  _ECap1Regs                      
0     00008228  _EMPTY_ISR                      
0     0000814c  _EMUINT_ISR                     
0     000081ce  _EPWM1_INT_ISR                  
0     000081ba  _EPWM1_TZINT_ISR                
0     000081d3  _EPWM2_INT_ISR                  
0     000081bf  _EPWM2_TZINT_ISR                
0     000081d8  _EPWM3_INT_ISR                  
0     000081c4  _EPWM3_TZINT_ISR                
0     000081dd  _EPWM4_INT_ISR                  
0     000081c9  _EPWM4_TZINT_ISR                
1     00006800  _EPwm1Regs                      
1     00006840  _EPwm2Regs                      
1     00006880  _EPwm3Regs                      
1     000068c0  _EPwm4Regs                      
1     00000d01  _EmuBMode                       
1     00000d00  _EmuKey                         
0     00008480  _EnableInterrupts               
0     00008122  _ExtOscSel                      
1     00000a80  _FlashRegs                      
1     00000d04  _Flash_CPUScaleFactor           
1     00000d02  _Flash_CallbackPtr              
1     00006f80  _GpioCtrlRegs                   
1     00006fc0  _GpioDataRegs                   
1     00006fe0  _GpioIntRegs                    
0     000081f1  _I2CINT1A_ISR                   
0     000081f6  _I2CINT2A_ISR                   
1     00007900  _I2caRegs                       
0     00008156  _ILLEGAL_ISR                    
0     00008138  _INT13_ISR                      
0     0000813d  _INT14_ISR                      
0     00008237  _InitCpuTimers                  
0     00008080  _InitPeripheralClocks           
0     00008461  _InitPieCtrl                    
0     00008489  _InitPieVectTable               
0     0000802c  _InitPll                        
0     00008000  _InitSysCtrl                    
0     000080e3  _IntOsc1Sel                     
0     000080f3  _IntOsc2Sel                     
0     00008151  _NMI_ISR                        
1     00007060  _NmiIntruptRegs                 
0     0000822d  _PIE_RESERVED                   
1     003d7fff  _PartIdRegs                     
1     00000ce0  _PieCtrlRegs                    
1     00000d00  _PieVectTable                   
1     00008900  _PieVectTableInit               
0     00008147  _RTOSINT_ISR                    
0     000081fb  _SCIRXINTA_ISR                  
0     00008200  _SCITXINTA_ISR                  
0     000081e7  _SPIRXINTA_ISR                  
0     000081ec  _SPITXINTA_ISR                  
1     00007050  _SciaRegs                       
0     0000801a  _ServiceDog                     
0     000082aa  _Setup_GPIO                     
0     000082ce  _Setup_ePWM                     
1     00007040  _SpiaRegs                       
1     00007010  _SysCtrlRegs                    
1     00000985  _SysPwrCtrlRegs                 
0     000081b0  _TINT0_ISR                      
0     00008188  _USER10_ISR                     
0     0000818d  _USER11_ISR                     
0     00008192  _USER12_ISR                     
0     0000815b  _USER1_ISR                      
0     00008160  _USER2_ISR                      
0     00008165  _USER3_ISR                      
0     0000816a  _USER4_ISR                      
0     0000816f  _USER5_ISR                      
0     00008174  _USER6_ISR                      
0     00008179  _USER7_ISR                      
0     0000817e  _USER8_ISR                      
0     00008183  _USER9_ISR                      
0     000081b5  _WAKEINT_ISR                    
0     000081a1  _XINT1_ISR                      
0     000081a6  _XINT2_ISR                      
0     00008223  _XINT3_ISR                      
1     00007070  _XIntruptRegs                   
0     00008107  _XtalOscSel                     
1     00000700  __STACK_END                     
abs   00000300  __STACK_SIZE                    
1     00008a1a  ___TI_cleanup_ptr               
1     00008a1c  ___TI_dtors_ptr                 
1     00008a18  ___TI_enable_exit_profile_output
abs   ffffffff  ___TI_pprof_out_hndl            
abs   ffffffff  ___TI_prof_data_size            
abs   ffffffff  ___TI_prof_data_start           
abs   ffffffff  ___binit__                      
abs   ffffffff  ___c_args__                     
0     00000050  ___cinit__                      
0     00008522  ___etext__                      
abs   ffffffff  ___pinit__                      
0     00008000  ___text__                       
0     000084f0  __args_main                     
1     00008a1e  __lock                          
0     00008516  __nop                           
0     00008512  __register_lock                 
0     0000850e  __register_unlock               
1     00000400  __stack                         
0     00008521  __system_post_cinit             
0     0000851f  __system_pre_init               
1     00008a20  __unlock                        
0     0000840f  _abort                          
0     0000836a  _c_int00                        
0     000084af  _copy_in                        
1     00008a22  _count                          
0     00008411  _exit                           
0     00008501  _isr_cpu_timer0                 
0     000083be  _main                           
0     000084d3  _memcpy                         
0     00008232  _rsvd_ISR                       
abs   ffffffff  binit                           
0     00000050  cinit                           
0     00000000  code_start                      
0     00008522  etext                           
abs   ffffffff  pinit                           


GLOBAL SYMBOLS: SORTED BY Symbol Address 

page  address   name                            
----  -------   ----                            
0     00000000  code_start                      
0     00000050  ___cinit__                      
0     00000050  cinit                           
0     0000006f  _DSP28x_usDelay                 
0     00008000  .text                           
0     00008000  _InitSysCtrl                    
0     00008000  ___text__                       
0     0000801a  _ServiceDog                     
0     00008024  _DisableDog                     
0     0000802c  _InitPll                        
0     00008080  _InitPeripheralClocks           
0     000080b2  _CsmUnlock                      
0     000080e3  _IntOsc1Sel                     
0     000080f3  _IntOsc2Sel                     
0     00008107  _XtalOscSel                     
0     00008122  _ExtOscSel                      
0     00008138  _INT13_ISR                      
0     0000813d  _INT14_ISR                      
0     00008142  _DATALOG_ISR                    
0     00008147  _RTOSINT_ISR                    
0     0000814c  _EMUINT_ISR                     
0     00008151  _NMI_ISR                        
0     00008156  _ILLEGAL_ISR                    
0     0000815b  _USER1_ISR                      
0     00008160  _USER2_ISR                      
0     00008165  _USER3_ISR                      
0     0000816a  _USER4_ISR                      
0     0000816f  _USER5_ISR                      
0     00008174  _USER6_ISR                      
0     00008179  _USER7_ISR                      
0     0000817e  _USER8_ISR                      
0     00008183  _USER9_ISR                      
0     00008188  _USER10_ISR                     
0     0000818d  _USER11_ISR                     
0     00008192  _USER12_ISR                     
0     00008197  _ADCINT1_ISR                    
0     0000819c  _ADCINT2_ISR                    
0     000081a1  _XINT1_ISR                      
0     000081a6  _XINT2_ISR                      
0     000081ab  _ADCINT9_ISR                    
0     000081b0  _TINT0_ISR                      
0     000081b5  _WAKEINT_ISR                    
0     000081ba  _EPWM1_TZINT_ISR                
0     000081bf  _EPWM2_TZINT_ISR                
0     000081c4  _EPWM3_TZINT_ISR                
0     000081c9  _EPWM4_TZINT_ISR                
0     000081ce  _EPWM1_INT_ISR                  
0     000081d3  _EPWM2_INT_ISR                  
0     000081d8  _EPWM3_INT_ISR                  
0     000081dd  _EPWM4_INT_ISR                  
0     000081e2  _ECAP1_INT_ISR                  
0     000081e7  _SPIRXINTA_ISR                  
0     000081ec  _SPITXINTA_ISR                  
0     000081f1  _I2CINT1A_ISR                   
0     000081f6  _I2CINT2A_ISR                   
0     000081fb  _SCIRXINTA_ISR                  
0     00008200  _SCITXINTA_ISR                  
0     00008205  _ADCINT3_ISR                    
0     0000820a  _ADCINT4_ISR                    
0     0000820f  _ADCINT5_ISR                    
0     00008214  _ADCINT6_ISR                    
0     00008219  _ADCINT7_ISR                    
0     0000821e  _ADCINT8_ISR                    
0     00008223  _XINT3_ISR                      
0     00008228  _EMPTY_ISR                      
0     0000822d  _PIE_RESERVED                   
0     00008232  _rsvd_ISR                       
0     00008237  _InitCpuTimers                  
0     00008278  _ConfigCpuTimer                 
0     000082aa  _Setup_GPIO                     
0     000082ce  _Setup_ePWM                     
0     00008310  FS$$MPY                         
0     0000836a  _c_int00                        
0     000083be  _main                           
0     0000840f  C$$EXIT                         
0     0000840f  _abort                          
0     00008411  _exit                           
0     00008438  FS$$TOL                         
0     00008461  _InitPieCtrl                    
0     00008480  _EnableInterrupts               
0     00008489  _InitPieVectTable               
0     000084af  _copy_in                        
0     000084d3  _memcpy                         
0     000084f0  __args_main                     
0     00008501  _isr_cpu_timer0                 
0     0000850e  __register_unlock               
0     00008512  __register_lock                 
0     00008516  __nop                           
0     0000851f  __system_pre_init               
0     00008521  __system_post_cinit             
0     00008522  ___etext__                      
0     00008522  etext                           
1     00000400  __stack                         
1     00000700  __STACK_END                     
1     00000880  _DevEmuRegs                     
1     00000985  _SysPwrCtrlRegs                 
1     00000a80  _FlashRegs                      
1     00000ae0  _CsmRegs                        
1     00000b00  _AdcResult                      
1     00000c00  _CpuTimer0Regs                  
1     00000c08  _CpuTimer1Regs                  
1     00000c10  _CpuTimer2Regs                  
1     00000ce0  _PieCtrlRegs                    
1     00000d00  _EmuKey                         
1     00000d00  _PieVectTable                   
1     00000d01  _EmuBMode                       
1     00000d02  _Flash_CallbackPtr              
1     00000d04  _Flash_CPUScaleFactor           
1     00006400  _Comp1Regs                      
1     00006420  _Comp2Regs                      
1     00006800  _EPwm1Regs                      
1     00006840  _EPwm2Regs                      
1     00006880  _EPwm3Regs                      
1     000068c0  _EPwm4Regs                      
1     00006a00  _ECap1Regs                      
1     00006f80  _GpioCtrlRegs                   
1     00006fc0  _GpioDataRegs                   
1     00006fe0  _GpioIntRegs                    
1     00007010  _SysCtrlRegs                    
1     00007040  _SpiaRegs                       
1     00007050  _SciaRegs                       
1     00007060  _NmiIntruptRegs                 
1     00007070  _XIntruptRegs                   
1     00007100  _AdcRegs                        
1     00007900  _I2caRegs                       
1     00008900  _PieVectTableInit               
1     00008a00  _CpuTimer0                      
1     00008a08  _CpuTimer1                      
1     00008a10  _CpuTimer2                      
1     00008a18  ___TI_enable_exit_profile_output
1     00008a1a  ___TI_cleanup_ptr               
1     00008a1c  ___TI_dtors_ptr                 
1     00008a1e  __lock                          
1     00008a20  __unlock                        
1     00008a22  _count                          
1     003d7fff  _PartIdRegs                     
1     003f7ff8  _CsmPwl                         
abs   00000300  __STACK_SIZE                    
abs   ffffffff  ___TI_pprof_out_hndl            
abs   ffffffff  ___TI_prof_data_size            
abs   ffffffff  ___TI_prof_data_start           
abs   ffffffff  ___binit__                      
abs   ffffffff  ___c_args__                     
abs   ffffffff  ___pinit__                      
abs   ffffffff  binit                           
abs   ffffffff  pinit                           

[146 symbols]
